// Jest Snapshot v1, https://goo.gl/fbAQLP

exports[`SurveyDetailsPage Component renders 1`] = `
<Layout>
  <styled.div
    className="survey-deytails-page"
  >
    <span>
      Loading
    </span>
  </styled.div>
</Layout>
`;
